Welcome to Ubuntu 24.04.1 LTS (GNU/Linux 5.15.167.4-microsoft-standard-WSL2 x86_64)

 * Documentation:  https://help.ubuntu.com
 * Management:     https://landscape.canonical.com
 * Support:        https://ubuntu.com/pro

 System information as of Tue Feb 18 17:45:26 EST 2025

  System load:  0.0                 Processes:             59
  Usage of /:   8.1% of 1006.85GB   Users logged in:       0
  Memory usage: 5%                  IPv4 address for eth0: 172.19.101.33
  Swap usage:   0%

 * Strictly confined Kubernetes makes edge and IoT secure. Learn how MicroK8s
   just raised the bar for easy, resilient and secure K8s cluster deployment.

   https://ubuntu.com/engage/secure-kubernetes-at-the-edge

This message is shown once a day. To disable it please create the
/home/preetikayastha/.hushlogin file.
(base) preetikayastha@H107-PN-LT:~$ pwd
/home/preetikayastha
(base) preetikayastha@H107-PN-LT:~$ ls
Clonga    Drosophila_melanogaster.BDGP6.46.113.gtf          Drospepper   SRR20313492  Turcu  ht-seqrunDros.sh  index.html.1  ncbi  pk
Cucurmin  Drosophila_melanogaster.BDGP6.46.dna.toplevel.fa  SRR20313491  TurCu        fastq  index.html        miniconda3    path  samples.txt
(base) preetikayastha@H107-PN-LT:~$ ls-l
ls-l: command not found
(base) preetikayastha@H107-PN-LT:~$ ls-l
ls-l: command not found
(base) preetikayastha@H107-PN-LT:~$ ls -l
total 305908
drwxr-xr-x  2 preetikayastha preetikayastha      4096 Nov 30 20:16 Clonga
drwxr-xr-x 15 preetikayastha preetikayastha      4096 Dec  4 19:36 Cucurmin
-rw-r--r--  1 preetikayastha preetikayastha 166874379 Aug 16  2024 Drosophila_melanogaster.BDGP6.46.113.gtf
-rw-r--r--  1 preetikayastha preetikayastha 146297394 Aug 14  2024 Drosophila_melanogaster.BDGP6.46.dna.toplevel.fa
drwxr-xr-x  7 preetikayastha preetikayastha      4096 Nov 13 15:18 Drospepper
drwxr-xr-x  2 preetikayastha preetikayastha      4096 Nov 13 14:55 SRR20313491
drwxr-xr-x  3 preetikayastha preetikayastha      4096 Nov 13 15:54 SRR20313492
drwxr-xr-x  2 preetikayastha preetikayastha      4096 Nov 30 19:05 TurCu
drwxr-xr-x  2 preetikayastha preetikayastha      4096 Nov 30 19:47 Turcu
drwxr-xr-x  2 preetikayastha preetikayastha      4096 Nov 13 15:27 fastq
-rwxr-xr-x  1 preetikayastha preetikayastha       750 Nov 18 11:10 ht-seqrunDros.sh
-rw-r--r--  1 preetikayastha preetikayastha     10549 Nov 13 16:50 index.html
-rw-r--r--  1 preetikayastha preetikayastha      1993 Nov 13 17:16 index.html.1
drwxr-xr-x 26 preetikayastha preetikayastha      4096 Nov 29 13:20 miniconda3
drwxr-xr-x  3 preetikayastha preetikayastha      4096 Nov 27 16:35 ncbi
drwx------  2 preetikayastha preetikayastha      4096 Nov 13 17:55 path
-rw-r--r--  1 preetikayastha preetikayastha       949 Nov 13 18:08 pk
-rw-r--r--  1 preetikayastha preetikayastha        72 Nov 27 16:39 samples.txt
(base) preetikayastha@H107-PN-LT:~$ cd
(base) preetikayastha@H107-PN-LT:~$ pwd
/home/preetikayastha
(base) preetikayastha@H107-PN-LT:~$ ls
Clonga    Drosophila_melanogaster.BDGP6.46.113.gtf          Drospepper   SRR20313492  Turcu  ht-seqrunDros.sh  index.html.1  ncbi  pk
Cucurmin  Drosophila_melanogaster.BDGP6.46.dna.toplevel.fa  SRR20313491  TurCu        fastq  index.html        miniconda3    path  samples.txt
(base) preetikayastha@H107-PN-LT:~$ cd Cucurmin
(base) preetikayastha@H107-PN-LT:~/Cucurmin$ ls
CCR1_SRR28863579_1.fastq.gz     CCR3_SRR28863577_2.fastq.gz                       TCR1_SRR28863576_2.fastq.gz     TruSeq3-PE.fa
CCR1_SRR28863579_1_fastqc.html  CCR3_SRR28863577_2_fastqc.html                    TCR1_SRR28863576_2_fastqc.html  TruSeq3-PE.fa.1
CCR1_SRR28863579_1_fastqc.zip   CCR3_SRR28863577_2_fastqc.zip                     TCR1_SRR28863576_2_fastqc.zip   TruSeq3-PE.fa.2
CCR1_SRR28863579_2.fastq.gz     Drosophila_melanogaster.BDGP6.46.113.gtf          TCR2_SRR28863575_1.fastq.gz     _STARtmp
CCR1_SRR28863579_2_fastqc.html  Drosophila_melanogaster.BDGP6.46.dna.toplevel.fa  TCR2_SRR28863575_1_fastqc.html  auto_trim.sh
CCR1_SRR28863579_2_fastqc.zip   Log.out                                           TCR2_SRR28863575_1_fastqc.zip   auto_trim.sh.1
CCR2_SRR28863578_1.fastq.gz     SRR28863574                                       TCR2_SRR28863575_2.fastq.gz     bam
CCR2_SRR28863578_1_fastqc.html  SRR28863575                                       TCR2_SRR28863575_2_fastqc.html  fasterq.tmp.H107-PN-LT.1449
CCR2_SRR28863578_1_fastqc.zip   SRR28863576                                       TCR2_SRR28863575_2_fastqc.zip   fasterq.tmp.H107-PN-LT.1594
CCR2_SRR28863578_2.fastq.gz     SRR28863577                                       TCR3_SRR28863574_1.fastq.gz     fasterq.tmp.H107-PN-LT.1598
CCR2_SRR28863578_2_fastqc.html  SRR28863578                                       TCR3_SRR28863574_1_fastqc.html  fasterq.tmp.H107-PN-LT.2260
CCR2_SRR28863578_2_fastqc.zip   SRR28863579                                       TCR3_SRR28863574_1_fastqc.zip   samples_pairs
CCR3_SRR28863577_1.fastq.gz     TCR1_SRR28863576_1.fastq.gz                       TCR3_SRR28863574_2.fastq.gz
CCR3_SRR28863577_1_fastqc.html  TCR1_SRR28863576_1_fastqc.html                    TCR3_SRR28863574_2_fastqc.html
CCR3_SRR28863577_1_fastqc.zip   TCR1_SRR28863576_1_fastqc.zip                     TCR3_SRR28863574_2_fastqc.zip
(base) preetikayastha@H107-PN-LT:~/Cucurmin$ cd..
cd..: command not found
(base) preetikayastha@H107-PN-LT:~/Cucurmin$ cd ..
(base) preetikayastha@H107-PN-LT:~$ pwd
/home/preetikayastha
(base) preetikayastha@H107-PN-LT:~$ cd Turcu
(base) preetikayastha@H107-PN-LT:~/Turcu$ ls
(base) preetikayastha@H107-PN-LT:~/Turcu$ ls
(base) preetikayastha@H107-PN-LT:~/Turcu$ cd ..
(base) preetikayastha@H107-PN-LT:~$ ls
Clonga    Drosophila_melanogaster.BDGP6.46.113.gtf          Drospepper   SRR20313492  ht-seqrunDros.sh  index.html.1  ncbi  pk
Cucurmin  Drosophila_melanogaster.BDGP6.46.dna.toplevel.fa  SRR20313491  fastq        index.html        miniconda3    path  samples.txt
(base) preetikayastha@H107-PN-LT:~$ cd fastq
(base) preetikayastha@H107-PN-LT:~/fastq$ ls
(base) preetikayastha@H107-PN-LT:~/fastq$ ls
(base) preetikayastha@H107-PN-LT:~/fastq$
(base) preetikayastha@H107-PN-LT:~/fastq$ cd ..
(base) preetikayastha@H107-PN-LT:~$ ls
Clonga    Drosophila_melanogaster.BDGP6.46.113.gtf          Drospepper   SRR20313492       index.html    miniconda3  path  samples.txt
Cucurmin  Drosophila_melanogaster.BDGP6.46.dna.toplevel.fa  SRR20313491  ht-seqrunDros.sh  index.html.1  ncbi        pk
(base) preetikayastha@H107-PN-LT:~$ cd Clonga
(base) preetikayastha@H107-PN-LT:~/Clonga$ ls
(base) preetikayastha@H107-PN-LT:~/Clonga$ ls
(base) preetikayastha@H107-PN-LT:~/Clonga$ cd ..
(base) preetikayastha@H107-PN-LT:~$ ls
Cucurmin                                  Drosophila_melanogaster.BDGP6.46.dna.toplevel.fa  SRR20313491  ht-seqrunDros.sh  index.html.1  ncbi  pk
Drosophila_melanogaster.BDGP6.46.113.gtf  Drospepper                                        SRR20313492  index.html        miniconda3    path  samples.txt
(base) preetikayastha@H107-PN-LT:~$ cd Drospepper
(base) preetikayastha@H107-PN-LT:~/Drospepper$ ls
Bams  Rscript  fastq  fasttrimmed  htseq
(base) preetikayastha@H107-PN-LT:~/Drospepper$ cd ..
(base) preetikayastha@H107-PN-LT:~$ ls
Cucurmin                                  Drosophila_melanogaster.BDGP6.46.dna.toplevel.fa  SRR20313491  ht-seqrunDros.sh  index.html.1  ncbi  pk
Drosophila_melanogaster.BDGP6.46.113.gtf  Drospepper                                        SRR20313492  index.html        miniconda3    path  samples.txt
(base) preetikayastha@H107-PN-LT:~$ cd Cucurmin
(base) preetikayastha@H107-PN-LT:~/Cucurmin$ ls
CCR1_SRR28863579_1.fastq.gz     CCR3_SRR28863577_2.fastq.gz                       TCR1_SRR28863576_2.fastq.gz     TruSeq3-PE.fa
CCR1_SRR28863579_1_fastqc.html  CCR3_SRR28863577_2_fastqc.html                    TCR1_SRR28863576_2_fastqc.html  TruSeq3-PE.fa.1
CCR1_SRR28863579_1_fastqc.zip   CCR3_SRR28863577_2_fastqc.zip                     TCR1_SRR28863576_2_fastqc.zip   TruSeq3-PE.fa.2
CCR1_SRR28863579_2.fastq.gz     Drosophila_melanogaster.BDGP6.46.113.gtf          TCR2_SRR28863575_1.fastq.gz     _STARtmp
CCR1_SRR28863579_2_fastqc.html  Drosophila_melanogaster.BDGP6.46.dna.toplevel.fa  TCR2_SRR28863575_1_fastqc.html  auto_trim.sh
CCR1_SRR28863579_2_fastqc.zip   Log.out                                           TCR2_SRR28863575_1_fastqc.zip   auto_trim.sh.1
CCR2_SRR28863578_1.fastq.gz     SRR28863574                                       TCR2_SRR28863575_2.fastq.gz     bam
CCR2_SRR28863578_1_fastqc.html  SRR28863575                                       TCR2_SRR28863575_2_fastqc.html  fasterq.tmp.H107-PN-LT.1449
CCR2_SRR28863578_1_fastqc.zip   SRR28863576                                       TCR2_SRR28863575_2_fastqc.zip   fasterq.tmp.H107-PN-LT.1594
CCR2_SRR28863578_2.fastq.gz     SRR28863577                                       TCR3_SRR28863574_1.fastq.gz     fasterq.tmp.H107-PN-LT.1598
CCR2_SRR28863578_2_fastqc.html  SRR28863578                                       TCR3_SRR28863574_1_fastqc.html  fasterq.tmp.H107-PN-LT.2260
CCR2_SRR28863578_2_fastqc.zip   SRR28863579                                       TCR3_SRR28863574_1_fastqc.zip   samples_pairs
CCR3_SRR28863577_1.fastq.gz     TCR1_SRR28863576_1.fastq.gz                       TCR3_SRR28863574_2.fastq.gz
CCR3_SRR28863577_1_fastqc.html  TCR1_SRR28863576_1_fastqc.html                    TCR3_SRR28863574_2_fastqc.html
CCR3_SRR28863577_1_fastqc.zip   TCR1_SRR28863576_1_fastqc.zip                     TCR3_SRR28863574_2_fastqc.zip
(base) preetikayastha@H107-PN-LT:~/Cucurmin$ cd ..
(base) preetikayastha@H107-PN-LT:~$ ls
Cucurmin                                  Drosophila_melanogaster.BDGP6.46.dna.toplevel.fa  SRR20313491  ht-seqrunDros.sh  index.html.1  ncbi  pk
Drosophila_melanogaster.BDGP6.46.113.gtf  Drospepper                                        SRR20313492  index.html        miniconda3    path  samples.txt
(base) preetikayastha@H107-PN-LT:~$ cd ncbi
(base) preetikayastha@H107-PN-LT:~/ncbi$ ls
public
(base) preetikayastha@H107-PN-LT:~/ncbi$ cd ..
(base) preetikayastha@H107-PN-LT:~$ ls
Cucurmin                                  Drosophila_melanogaster.BDGP6.46.dna.toplevel.fa  SRR20313491  ht-seqrunDros.sh  index.html.1  ncbi  pk
Drosophila_melanogaster.BDGP6.46.113.gtf  Drospepper                                        SRR20313492  index.html        miniconda3    path  samples.txt
(base) preetikayastha@H107-PN-LT:~$ cd path
(base) preetikayastha@H107-PN-LT:~/path$ ls
Genome   SA       chrLength.txt  chrNameLength.txt  exonGeTrInfo.tab  geneInfo.tab          sjdbInfo.txt              sjdbList.out.tab
Log.out  SAindex  chrName.txt    chrStart.txt       exonInfo.tab      genomeParameters.txt  sjdbList.fromGTF.out.tab  transcriptInfo.tab
(base) preetikayastha@H107-PN-LT:~/path$ cd ..
(base) preetikayastha@H107-PN-LT:~$ ls
Cucurmin                                  Drosophila_melanogaster.BDGP6.46.dna.toplevel.fa  SRR20313491  ht-seqrunDros.sh  index.html.1  ncbi  pk
Drosophila_melanogaster.BDGP6.46.113.gtf  Drospepper                                        SRR20313492  index.html        miniconda3    path  samples.txt
(base) preetikayastha@H107-PN-LT:~$ cd miniconda3
(base) preetikayastha@H107-PN-LT:~/miniconda3$ ls
LICENSE.txt  cmake            condabin  etc      jmods  libexec  pkgs     share  var
_conda       compiler_compat  conf      fonts    legal  man      release  shell  x86_64-conda-linux-gnu
bin          conda-meta       envs      include  lib    opt      sbin     ssl    x86_64-conda_cos7-linux-gnu
(base) preetikayastha@H107-PN-LT:~/miniconda3$ cd ..
(base) preetikayastha@H107-PN-LT:~$ ls
Cucurmin                                  Drosophila_melanogaster.BDGP6.46.dna.toplevel.fa  SRR20313491  ht-seqrunDros.sh  index.html.1  ncbi  pk
Drosophila_melanogaster.BDGP6.46.113.gtf  Drospepper                                        SRR20313492  index.html        miniconda3    path  samples.txt
(base) preetikayastha@H107-PN-LT:~$ mkdir drlee
(base) preetikayastha@H107-PN-LT:~$ ls
Cucurmin                                          Drospepper   drlee             index.html.1  path
Drosophila_melanogaster.BDGP6.46.113.gtf          SRR20313491  ht-seqrunDros.sh  miniconda3    pk
Drosophila_melanogaster.BDGP6.46.dna.toplevel.fa  SRR20313492  index.html        ncbi          samples.txt
(base) preetikayastha@H107-PN-LT:~$ rmdir drlee
(base) preetikayastha@H107-PN-LT:~$ ls
Cucurmin                                  Drosophila_melanogaster.BDGP6.46.dna.toplevel.fa  SRR20313491  ht-seqrunDros.sh  index.html.1  ncbi  pk
Drosophila_melanogaster.BDGP6.46.113.gtf  Drospepper                                        SRR20313492  index.html        miniconda3    path  samples.txt
(base) preetikayastha@H107-PN-LT:~$ mkdir practice_folder
(base) preetikayastha@H107-PN-LT:~$ ls
Cucurmin                                          Drospepper   ht-seqrunDros.sh  miniconda3  pk
Drosophila_melanogaster.BDGP6.46.113.gtf          SRR20313491  index.html        ncbi        practice_folder
Drosophila_melanogaster.BDGP6.46.dna.toplevel.fa  SRR20313492  index.html.1      path        samples.txt
(base) preetikayastha@H107-PN-LT:~$ cd practice_folder
(base) preetikayastha@H107-PN-LT:~/practice_folder$ touch a_text_file.txt
(base) preetikayastha@H107-PN-LT:~/practice_folder$ ls
a_text_file.txt
(base) preetikayastha@H107-PN-LT:~/practice_folder$ cp practice_folder preetikayastha
cp: cannot stat 'practice_folder': No such file or directory
(base) preetikayastha@H107-PN-LT:~/practice_folder$ ls
a_text_file.txt
(base) preetikayastha@H107-PN-LT:~/practice_folder$ cp touch a_text_file.txt
 preetikayastha
cp: target 'preetikayastha': No such file or directory
(base) preetikayastha@H107-PN-LT:~/practice_folder$ ls
a_text_file.txt
(base) preetikayastha@H107-PN-LT:~/practice_folder$ cd ..
(base) preetikayastha@H107-PN-LT:~$ cp touch a_text_file.txt ../
cp: cannot stat 'touch': No such file or directory
cp: cannot stat 'a_text_file.txt': No such file or directory
(base) preetikayastha@H107-PN-LT:~$  cp a_text_file.txt ../
cp: cannot stat 'a_text_file.txt': No such file or directory
(base) preetikayastha@H107-PN-LT:~$ cd practice_folder
(base) preetikayastha@H107-PN-LT:~/practice_folder$ cp a_text_file.txt ../
(base) preetikayastha@H107-PN-LT:~/practice_folder$ ls
a_text_file.txt
(base) preetikayastha@H107-PN-LT:~/practice_folder$ cd..
cd..: command not found
(base) preetikayastha@H107-PN-LT:~/practice_folder$ cd ..
(base) preetikayastha@H107-PN-LT:~$ ls
Cucurmin                                          index.html
Drosophila_melanogaster.BDGP6.46.113.gtf          index.html.1
Drosophila_melanogaster.BDGP6.46.dna.toplevel.fa  miniconda3
Drospepper                                        ncbi
SRR20313491                                       path
SRR20313492                                       pk
a_text_file.txt                                   practice_folder
ht-seqrunDros.sh                                  samples.txt
(base) preetikayastha@H107-PN-LT:~$ cd practice_folder
(base) preetikayastha@H107-PN-LT:~/practice_folder$ rm a_text_file.txt
(base) preetikayastha@H107-PN-LT:~/practice_folder$ ls
(base) preetikayastha@H107-PN-LT:~/practice_folder$ cd ..
(base) preetikayastha@H107-PN-LT:~$ ls
Cucurmin                                          index.html
Drosophila_melanogaster.BDGP6.46.113.gtf          index.html.1
Drosophila_melanogaster.BDGP6.46.dna.toplevel.fa  miniconda3
Drospepper                                        ncbi
SRR20313491                                       path
SRR20313492                                       pk
a_text_file.txt                                   practice_folder
ht-seqrunDros.sh                                  samples.txt
(base) preetikayastha@H107-PN-LT:~$ mv a_text_file.txt new_name.txt
(base) preetikayastha@H107-PN-LT:~$ ls
Cucurmin                                          index.html.1
Drosophila_melanogaster.BDGP6.46.113.gtf          miniconda3
Drosophila_melanogaster.BDGP6.46.dna.toplevel.fa  ncbi
Drospepper                                        new_name.txt
SRR20313491                                       path
SRR20313492                                       pk
ht-seqrunDros.sh                                  practice_folder
index.html                                        samples.txt
(base) preetikayastha@H107-PN-LT:~$ ls
Cucurmin                                          index.html.1
Drosophila_melanogaster.BDGP6.46.113.gtf          miniconda3
Drosophila_melanogaster.BDGP6.46.dna.toplevel.fa  ncbi
Drospepper                                        new_name.txt
SRR20313491                                       path
SRR20313492                                       pk
ht-seqrunDros.sh                                  practice_folder
index.html                                        samples.txt
(base) preetikayastha@H107-PN-LT:~$ ls
Cucurmin                                          index.html.1
Drosophila_melanogaster.BDGP6.46.113.gtf          miniconda3
Drosophila_melanogaster.BDGP6.46.dna.toplevel.fa  ncbi
Drospepper                                        new_name.txt
SRR20313491                                       path
SRR20313492                                       pk
ht-seqrunDros.sh                                  practice_folder
index.html                                        samples.txt
(base) preetikayastha@H107-PN-LT:~$ sudo apt update
[sudo] password for preetikayastha:
Hit:1 http://archive.ubuntu.com/ubuntu noble InRelease
Get:2 http://security.ubuntu.com/ubuntu noble-security InRelease [126 kB]
Get:3 http://archive.ubuntu.com/ubuntu noble-updates InRelease [126 kB]
Get:4 http://archive.ubuntu.com/ubuntu noble-backports InRelease [126 kB]
Get:5 http://security.ubuntu.com/ubuntu noble-security/main amd64 Packages [617 kB]
Get:6 http://archive.ubuntu.com/ubuntu noble-updates/main amd64 Packages [865 kB]
Get:7 http://security.ubuntu.com/ubuntu noble-security/main Translation-en [118 kB]
Get:8 http://security.ubuntu.com/ubuntu noble-security/main amd64 Components [8976 B]
Get:9 http://security.ubuntu.com/ubuntu noble-security/universe amd64 Packages [803 kB]
Get:10 http://archive.ubuntu.com/ubuntu noble-updates/main Translation-en [196 kB]
Get:11 http://archive.ubuntu.com/ubuntu noble-updates/main amd64 Components [151 kB]
Get:12 http://archive.ubuntu.com/ubuntu noble-updates/universe amd64 Packages [1014 kB]
Get:13 http://security.ubuntu.com/ubuntu noble-security/universe Translation-en [171 kB]
Get:14 http://security.ubuntu.com/ubuntu noble-security/universe amd64 Components [52.0 kB]
Get:15 http://security.ubuntu.com/ubuntu noble-security/restricted amd64 Packages [625 kB]
Get:16 http://security.ubuntu.com/ubuntu noble-security/restricted Translation-en [121 kB]
Get:17 http://security.ubuntu.com/ubuntu noble-security/restricted amd64 Components [212 B]
Get:18 http://security.ubuntu.com/ubuntu noble-security/multiverse amd64 Packages [12.4 kB]
Get:19 http://security.ubuntu.com/ubuntu noble-security/multiverse amd64 Components [208 B]
Get:20 http://archive.ubuntu.com/ubuntu noble-updates/universe Translation-en [253 kB]
Get:21 http://archive.ubuntu.com/ubuntu noble-updates/universe amd64 Components [362 kB]
Get:22 http://archive.ubuntu.com/ubuntu noble-updates/restricted amd64 Packages [654 kB]
Get:23 http://archive.ubuntu.com/ubuntu noble-updates/restricted Translation-en [128 kB]
Get:24 http://archive.ubuntu.com/ubuntu noble-updates/restricted amd64 Components [212 B]
Get:25 http://archive.ubuntu.com/ubuntu noble-updates/multiverse amd64 Packages [16.3 kB]
Get:26 http://archive.ubuntu.com/ubuntu noble-updates/multiverse Translation-en [3944 B]
Get:27 http://archive.ubuntu.com/ubuntu noble-updates/multiverse amd64 Components [940 B]
Get:28 http://archive.ubuntu.com/ubuntu noble-backports/main amd64 Components [208 B]
Get:29 http://archive.ubuntu.com/ubuntu noble-backports/universe amd64 Packages [13.4 kB]
Get:30 http://archive.ubuntu.com/ubuntu noble-backports/universe Translation-en [11.4 kB]
Get:31 http://archive.ubuntu.com/ubuntu noble-backports/universe amd64 Components [17.7 kB]
Get:32 http://archive.ubuntu.com/ubuntu noble-backports/restricted amd64 Components [216 B]
Get:33 http://archive.ubuntu.com/ubuntu noble-backports/multiverse amd64 Components [212 B]
Fetched 6596 kB in 1s (4526 kB/s)
Reading package lists... Done
Building dependency tree... Done
Reading state information... Done
118 packages can be upgraded. Run 'apt list --upgradable' to see them.
(base) preetikayastha@H107-PN-LT:~$ sudo apt install hisat2
Reading package lists... Done
Building dependency tree... Done
Reading state information... Done
The following additional packages will be installed:
  bcftools libncurses6 python3-hisat2 samtools
Suggested packages:
  python3-matplotlib texlive-latex-recommended cwltool
The following NEW packages will be installed:
  bcftools hisat2 libncurses6 python3-hisat2 samtools
0 upgraded, 5 newly installed, 0 to remove and 118 not upgraded.
Need to get 5375 kB of archives.
After this operation, 16.9 MB of additional disk space will be used.
Do you want to continue? [Y/n] y
Get:1 http://archive.ubuntu.com/ubuntu noble/main amd64 libncurses6 amd64 6.4+20240113-1ubuntu2 [112 kB]
Get:2 http://archive.ubuntu.com/ubuntu noble/universe amd64 bcftools amd64 1.19-1build2 [791 kB]
Get:3 http://archive.ubuntu.com/ubuntu noble/universe amd64 hisat2 amd64 2.2.1-4 [3866 kB]
Get:4 http://archive.ubuntu.com/ubuntu noble/universe amd64 python3-hisat2 all 2.2.1-4 [12.7 kB]
Get:5 http://archive.ubuntu.com/ubuntu noble/universe amd64 samtools amd64 1.19.2-1build2 [593 kB]
Fetched 5375 kB in 3s (1994 kB/s)
Selecting previously unselected package libncurses6:amd64.
(Reading database ... 44204 files and directories currently installed.)
Preparing to unpack .../libncurses6_6.4+20240113-1ubuntu2_amd64.deb ...
Unpacking libncurses6:amd64 (6.4+20240113-1ubuntu2) ...
Selecting previously unselected package bcftools.
Preparing to unpack .../bcftools_1.19-1build2_amd64.deb ...
Unpacking bcftools (1.19-1build2) ...
Selecting previously unselected package hisat2.
Preparing to unpack .../hisat2_2.2.1-4_amd64.deb ...
Unpacking hisat2 (2.2.1-4) ...
Selecting previously unselected package python3-hisat2.
Preparing to unpack .../python3-hisat2_2.2.1-4_all.deb ...
Unpacking python3-hisat2 (2.2.1-4) ...
Selecting previously unselected package samtools.
Preparing to unpack .../samtools_1.19.2-1build2_amd64.deb ...
Unpacking samtools (1.19.2-1build2) ...
Setting up bcftools (1.19-1build2) ...
Setting up libncurses6:amd64 (6.4+20240113-1ubuntu2) ...
Setting up hisat2 (2.2.1-4) ...
Setting up python3-hisat2 (2.2.1-4) ...
Setting up samtools (1.19.2-1build2) ...
Processing triggers for man-db (2.12.0-4build2) ...
Processing triggers for libc-bin (2.39-0ubuntu8.3) ...
(base) preetikayastha@H107-PN-LT:~$ hisat2
No index, query, or output file specified!
HISAT2 version 2.2.1 by Daehwan Kim (infphilo@gmail.com, www.ccb.jhu.edu/people/infphilo)
Usage:
  hisat2 [options]* -x <ht2-idx> {-1 <m1> -2 <m2> | -U <r>} [-S <sam>]

  <ht2-idx>  Index filename prefix (minus trailing .X.ht2).
  <m1>       Files with #1 mates, paired with files in <m2>.
             Could be gzip'ed (extension: .gz) or bzip2'ed (extension: .bz2).
  <m2>       Files with #2 mates, paired with files in <m1>.
             Could be gzip'ed (extension: .gz) or bzip2'ed (extension: .bz2).
  <r>        Files with unpaired reads.
             Could be gzip'ed (extension: .gz) or bzip2'ed (extension: .bz2).
  <sam>      File for SAM output (default: stdout)

  <m1>, <m2>, <r> can be comma-separated lists (no whitespace) and can be
  specified many times.  E.g. '-U file1.fq,file2.fq -U file3.fq'.

Options (defaults in parentheses):

 Input:
  -q                 query input files are FASTQ .fq/.fastq (default)
  --qseq             query input files are in Illumina's qseq format
  -f                 query input files are (multi-)FASTA .fa/.mfa
  -r                 query input files are raw one-sequence-per-line
  -c                 <m1>, <m2>, <r> are sequences themselves, not files
  -s/--skip <int>    skip the first <int> reads/pairs in the input (none)
  -u/--upto <int>    stop after first <int> reads/pairs (no limit)
  -5/--trim5 <int>   trim <int> bases from 5'/left end of reads (0)
  -3/--trim3 <int>   trim <int> bases from 3'/right end of reads (0)
  --phred33          qualities are Phred+33 (default)
  --phred64          qualities are Phred+64
  --int-quals        qualities encoded as space-delimited integers

 Presets:                 Same as:
   --fast                 --no-repeat-index
   --sensitive            --bowtie2-dp 1 -k 30 --score-min L,0,-0.5
   --very-sensitive       --bowtie2-dp 2 -k 50 --score-min L,0,-1

 Alignment:
  --bowtie2-dp <int> use Bowtie2's dynamic programming alignment algorithm (0) - 0: no dynamic programming, 1: conditional dynamic programming, and 2: unconditional dynamic programming (slowest)
  --n-ceil <func>    func for max # non-A/C/G/Ts permitted in aln (L,0,0.15)
  --ignore-quals     treat all quality values as 30 on Phred scale (off)
  --nofw             do not align forward (original) version of read (off)
  --norc             do not align reverse-complement version of read (off)
  --no-repeat-index  do not use repeat index

 Spliced Alignment:
  --pen-cansplice <int>              penalty for a canonical splice site (0)
  --pen-noncansplice <int>           penalty for a non-canonical splice site (12)
  --pen-canintronlen <func>          penalty for long introns (G,-8,1) with canonical splice sites
  --pen-noncanintronlen <func>       penalty for long introns (G,-8,1) with noncanonical splice sites
  --min-intronlen <int>              minimum intron length (20)
  --max-intronlen <int>              maximum intron length (500000)
  --known-splicesite-infile <path>   provide a list of known splice sites
  --novel-splicesite-outfile <path>  report a list of splice sites
  --novel-splicesite-infile <path>   provide a list of novel splice sites
  --no-temp-splicesite               disable the use of splice sites found
  --no-spliced-alignment             disable spliced alignment
  --rna-strandness <string>          specify strand-specific information (unstranded)
  --tmo                              reports only those alignments within known transcriptome
  --dta                              reports alignments tailored for transcript assemblers
  --dta-cufflinks                    reports alignments tailored specifically for cufflinks
  --avoid-pseudogene                 tries to avoid aligning reads to pseudogenes (experimental option)
  --no-templatelen-adjustment        disables template length adjustment for RNA-seq reads

 Scoring:
  --mp <int>,<int>   max and min penalties for mismatch; lower qual = lower penalty <6,2>
  --sp <int>,<int>   max and min penalties for soft-clipping; lower qual = lower penalty <2,1>
  --no-softclip      no soft-clipping
  --np <int>         penalty for non-A/C/G/Ts in read/ref (1)
  --rdg <int>,<int>  read gap open, extend penalties (5,3)
  --rfg <int>,<int>  reference gap open, extend penalties (5,3)
  --score-min <func> min acceptable alignment score w/r/t read length
                     (L,0.0,-0.2)

 Reporting:
  -k <int>           It searches for at most <int> distinct, primary alignments for each read. Primary alignments mean
                     alignments whose alignment score is equal to or higher than any other alignments. The search terminates
                     when it cannot find more distinct valid alignments, or when it finds <int>, whichever happens first.
                     The alignment score for a paired-end alignment equals the sum of the alignment scores of
                     the individual mates. Each reported read or pair alignment beyond the first has the SAM ‘secondary’ bit
                     (which equals 256) set in its FLAGS field. For reads that have more than <int> distinct,
                     valid alignments, hisat2 does not guarantee that the <int> alignments reported are the best possible
                     in terms of alignment score. Default: 5 (linear index) or 10 (graph index).
                     Note: HISAT2 is not designed with large values for -k in mind, and when aligning reads to long,
                     repetitive genomes, large -k could make alignment much slower.
  --max-seeds <int>  HISAT2, like other aligners, uses seed-and-extend approaches. HISAT2 tries to extend seeds to
                     full-length alignments. In HISAT2, --max-seeds is used to control the maximum number of seeds that
                     will be extended. For DNA-read alignment (--no-spliced-alignment), HISAT2 extends up to these many seeds
                     and skips the rest of the seeds. For RNA-read alignment, HISAT2 skips extending seeds and reports
                     no alignments if the number of seeds is larger than the number specified with the option,
                     to be compatible with previous versions of HISAT2. Large values for --max-seeds may improve alignment
                     sensitivity, but HISAT2 is not designed with large values for --max-seeds in mind, and when aligning
                     reads to long, repetitive genomes, large --max-seeds could make alignment much slower.
                     The default value is the maximum of 5 and the value that comes with -k times 2.
  -a/--all           HISAT2 reports all alignments it can find. Using the option is equivalent to using both --max-seeds
                     and -k with the maximum value that a 64-bit signed integer can represent (9,223,372,036,854,775,807).
  --repeat           report alignments to repeat sequences directly

 Paired-end:
  -I/--minins <int>  minimum fragment length (0), only valid with --no-spliced-alignment
  -X/--maxins <int>  maximum fragment length (500), only valid with --no-spliced-alignment
  --fr/--rf/--ff     -1, -2 mates align fw/rev, rev/fw, fw/fw (--fr)
  --no-mixed         suppress unpaired alignments for paired reads
  --no-discordant    suppress discordant alignments for paired reads

 Output:
  -t/--time          print wall-clock time taken by search phases
  --un <path>           write unpaired reads that didn't align to <path>
  --al <path>           write unpaired reads that aligned at least once to <path>
  --un-conc <path>      write pairs that didn't align concordantly to <path>
  --al-conc <path>      write pairs that aligned concordantly at least once to <path>
  (Note: for --un, --al, --un-conc, or --al-conc, add '-gz' to the option name, e.g.
  --un-gz <path>, to gzip compress output, or add '-bz2' to bzip2 compress output.)
  --summary-file <path> print alignment summary to this file.
  --new-summary         print alignment summary in a new style, which is more machine-friendly.
  --quiet               print nothing to stderr except serious errors
  --met-file <path>     send metrics to file at <path> (off)
  --met-stderr          send metrics to stderr (off)
  --met <int>           report internal counters & metrics every <int> secs (1)
  --no-head             suppress header lines, i.e. lines starting with @
  --no-sq               suppress @SQ header lines
  --rg-id <text>        set read group id, reflected in @RG line and RG:Z: opt field
  --rg <text>           add <text> ("lab:value") to @RG line of SAM header.
                        Note: @RG line only printed when --rg-id is set.
  --omit-sec-seq        put '*' in SEQ and QUAL fields for secondary alignments.

 Performance:
  -o/--offrate <int> override offrate of index; must be >= index's offrate
  -p/--threads <int> number of alignment threads to launch (1)
  --reorder          force SAM output order to match order of input reads
  --mm               use memory-mapped I/O for index; many 'hisat2's can share

 Other:
  --qc-filter        filter out reads that are bad according to QSEQ filter
  --seed <int>       seed for random number generator (0)
  --non-deterministic seed rand. gen. arbitrarily instead of using read attributes
  --remove-chrname   remove 'chr' from reference names in alignment
  --add-chrname      add 'chr' to reference names in alignment
  --version          print version information and quit
  -h/--help          print this usage message
(ERR): hisat2-align exited with value 1
(base) preetikayastha@H107-PN-LT:~$ sudo apt install samtools
Reading package lists... Done
Building dependency tree... Done
Reading state information... Done
samtools is already the newest version (1.19.2-1build2).
samtools set to manually installed.
0 upgraded, 0 newly installed, 0 to remove and 118 not upgraded.
(base) preetikayastha@H107-PN-LT:~$ samtools

Program: samtools (Tools for alignments in the SAM format)
Version: 1.19.2 (using htslib 1.19)

Usage:   samtools <command> [options]

Commands:
  -- Indexing
     dict           create a sequence dictionary file
     faidx          index/extract FASTA
     fqidx          index/extract FASTQ
     index          index alignment

  -- Editing
     calmd          recalculate MD/NM tags and '=' bases
     fixmate        fix mate information
     reheader       replace BAM header
     targetcut      cut fosmid regions (for fosmid pool only)
     addreplacerg   adds or replaces RG tags
     markdup        mark duplicates
     ampliconclip   clip oligos from the end of reads

  -- File operations
     collate        shuffle and group alignments by name
     cat            concatenate BAMs
     consensus      produce a consensus Pileup/FASTA/FASTQ
     merge          merge sorted alignments
     mpileup        multi-way pileup
     sort           sort alignment file
     split          splits a file by read group
     quickcheck     quickly check if SAM/BAM/CRAM file appears intact
     fastq          converts a BAM to a FASTQ
     fasta          converts a BAM to a FASTA
     import         Converts FASTA or FASTQ files to SAM/BAM/CRAM
     reference      Generates a reference from aligned data
     reset          Reverts aligner changes in reads

  -- Statistics
     bedcov         read depth per BED region
     coverage       alignment depth and percent coverage
     depth          compute the depth
     flagstat       simple stats
     idxstats       BAM index stats
     cram-size      list CRAM Content-ID and Data-Series sizes
     phase          phase heterozygotes
     stats          generate stats (former bamcheck)
     ampliconstats  generate amplicon specific stats

  -- Viewing
     flags          explain BAM flags
     head           header viewer
     tview          text alignment viewer
     view           SAM<->BAM<->CRAM conversion
     depad          convert padded BAM to unpadded BAM
     samples        list the samples in a set of SAM/BAM/CRAM files

  -- Misc
     help [cmd]     display this help message or help for [cmd]
     version        detailed version information

(base) preetikayastha@H107-PN-LT:~$
